###############################################################################
#
# IAR ELF Linker V9.10.2.313/W64 for ARM                  29/Jul/2021  20:35:01
# Copyright 2007-2021 IAR Systems AB.
#
#    Output file  =
#        C:\sofia\8periodo\sistemasEmbarcados\workspace\TM4C1294_RTOS_IAR9-main
#        - aula 6\Projects\prodcons\ewarm\Exe\prodcons.out
#    Map file     =
#        C:\sofia\8periodo\sistemasEmbarcados\workspace\TM4C1294_RTOS_IAR9-main
#        - aula 6\Projects\prodcons\ewarm\List\prodcons.map
#    Command line =
#        -f
#        "C:\sofia\8periodo\sistemasEmbarcados\workspace\TM4C1294_RTOS_IAR9-main
#        - aula 6\Projects\prodcons\ewarm\Exe\prodcons.out.rsp"
#        ("C:\sofia\8periodo\sistemasEmbarcados\workspace\TM4C1294_RTOS_IAR9-main
#        - aula 6\Projects\prodcons\ewarm\Obj\driverbuttons.o"
#        "C:\sofia\8periodo\sistemasEmbarcados\workspace\TM4C1294_RTOS_IAR9-main
#        - aula 6\Projects\prodcons\ewarm\Obj\driverleds.o"
#        "C:\sofia\8periodo\sistemasEmbarcados\workspace\TM4C1294_RTOS_IAR9-main
#        - aula 6\TivaWare_C_Series-2.1.4.178\driverlib\ewarm\Exe\driverlib.a"
#        "C:\sofia\8periodo\sistemasEmbarcados\workspace\TM4C1294_RTOS_IAR9-main
#        - aula 6\Projects\prodcons\ewarm\Obj\prodcons.o"
#        "C:\sofia\8periodo\sistemasEmbarcados\workspace\TM4C1294_RTOS_IAR9-main
#        - aula
#        6\CMSIS-5.6.0\CMSIS\RTOS2\RTX\Library\IAR\IDE\CM4F\Exe\RTX_CM.a"
#        "C:\sofia\8periodo\sistemasEmbarcados\workspace\TM4C1294_RTOS_IAR9-main
#        - aula 6\Projects\prodcons\ewarm\Obj\RTX_Config.o"
#        "C:\sofia\8periodo\sistemasEmbarcados\workspace\TM4C1294_RTOS_IAR9-main
#        - aula 6\Projects\prodcons\ewarm\Obj\rtx_lib.o"
#        "C:\sofia\8periodo\sistemasEmbarcados\workspace\TM4C1294_RTOS_IAR9-main
#        - aula 6\Projects\prodcons\ewarm\Obj\startup_TM4C1294.o"
#        "C:\sofia\8periodo\sistemasEmbarcados\workspace\TM4C1294_RTOS_IAR9-main
#        - aula 6\Projects\prodcons\ewarm\Obj\system_TM4C1294_TW.o"
#        --no_out_extension -o
#        "C:\sofia\8periodo\sistemasEmbarcados\workspace\TM4C1294_RTOS_IAR9-main
#        - aula 6\Projects\prodcons\ewarm\Exe\prodcons.out" --map
#        "C:\sofia\8periodo\sistemasEmbarcados\workspace\TM4C1294_RTOS_IAR9-main
#        - aula 6\Projects\prodcons\ewarm\List\prodcons.map" --config
#        "C:\Program Files\IAR Systems\Embedded Workbench
#        9.0\arm\config\linker\TexasInstruments\TM4C1294NC.icf" --semihosting
#        --entry __iar_program_start --vfe --text_out locale)
#
###############################################################################

*******************************************************************************
*** RUNTIME MODEL ATTRIBUTES
***

CppFlavor       = *
__SystemLibrary = DLib
__dlib_version  = 6


*******************************************************************************
*** HEAP SELECTION
***

The basic heap was selected because some modules are built with
size limitations (and not runtime checking), and --advanced_heap
was not specified.


*******************************************************************************
*** PLACEMENT SUMMARY
***

"A0":  place at address 0x0 { ro section .intvec };
"P1":  place in [from 0x0 to 0xf'ffff] { ro };
define block CSTACK with size = 32K, alignment = 8 { };
define block HEAP with size = 64K, alignment = 8 { };
"P2":  place in [from 0x2000'0000 to 0x2003'ffff] {
          rw, block CSTACK, block HEAP };
initialize by copy { rw };

  Section               Kind         Address    Size  Object
  -------               ----         -------    ----  ------
"A0":                                          0x3c0
  .intvec               ro code          0x0   0x3c0  startup_TM4C1294.o [1]
                                     - 0x3c0   0x3c0

"P1":                                         0x2d95
  .text                 ro code        0x3c0   0x760  rtx_thread.o [2]
  .text                 ro code        0xb20     0x2  rtx_evr.o [2]
  .text                 ro code        0xb22     0x2  rtx_evr.o [2]
  .text                 ro code        0xb24     0x2  rtx_evr.o [2]
  .text                 ro code        0xb26     0x2  rtx_evr.o [2]
  .text                 ro code        0xb28     0x2  rtx_evr.o [2]
  .text                 ro code        0xb2a     0x2  rtx_evr.o [2]
  .text                 ro code        0xb2c     0x2  rtx_evr.o [2]
  .text                 ro code        0xb2e     0x2  rtx_evr.o [2]
  .text                 ro code        0xb30     0x2  rtx_evr.o [2]
  .text                 ro code        0xb32     0x2  rtx_evr.o [2]
  .text                 ro code        0xb34    0x28  rtx_thread.o [2]
  .text                 ro code        0xb5c     0x2  rtx_evr.o [2]
  .text                 ro code        0xb5e     0x2  rtx_evr.o [2]
  .text                 ro code        0xb60     0x2  rtx_evr.o [2]
  .text                 ro code        0xb62    0x3a  packbits_init_single.o [5]
  .text                 ro code        0xb9c    0xe6  rtx_mempool.o [2]
  .text                 ro code        0xc82     0x2  rtx_evr.o [2]
  .text                 ro code        0xc84    0x84  rtx_memory.o [2]
  .text                 ro code        0xd08     0x6  ABImemclr4.o [5]
  .text                 ro code        0xd0e     0x2  rtx_evr.o [2]
  .text                 ro code        0xd10    0x4a  rtx_memory.o [2]
  .text                 ro code        0xd5a     0x2  RTX_Config.o [1]
  .text                 ro code        0xd5c   0x34c  rtx_mutex.o [2]
  .text                 ro code       0x10a8     0x2  rtx_evr.o [2]
  .text                 ro code       0x10aa     0x2  rtx_evr.o [2]
  .text                 ro code       0x10ac     0x2  rtx_evr.o [2]
  .text                 ro code       0x10ae     0x2  rtx_evr.o [2]
  .text                 ro code       0x10b0     0x2  RTX_Config.o [1]
  .text                 ro code       0x10b2     0x2  rtx_evr.o [2]
  .text                 ro code       0x10b4     0x2  rtx_evr.o [2]
  .text                 ro code       0x10b6     0x2  rtx_evr.o [2]
  .text                 ro code       0x10b8     0x2  rtx_evr.o [2]
  .text                 ro code       0x10ba     0x2  startup_TM4C1294.o [1]
  .text                 ro code       0x10bc    0x32  ABImemset48.o [5]
  .text                 ro code       0x10ee     0x2  rtx_evr.o [2]
  .text                 ro code       0x10f0     0x2  rtx_evr.o [2]
  .text                 ro code       0x10f2     0x2  rtx_evr.o [2]
  .text                 ro code       0x10f4     0x2  rtx_evr.o [2]
  .text                 ro code       0x10f6     0x2  rtx_evr.o [2]
  .text                 ro code       0x10f8     0x2  rtx_evr.o [2]
  .text                 ro code       0x10fa     0x2  rtx_evr.o [2]
  .text                 ro code       0x10fc     0x2  rtx_evr.o [2]
  .text                 ro code       0x10fe     0x2  rtx_evr.o [2]
  .text                 ro code       0x1100     0x2  rtx_evr.o [2]
  .text                 ro code       0x1104   0x61c  rtx_msgqueue.o [2]
  .text                 ro code       0x1720    0xa6  ABImemcpy.o [5]
  .text                 ro code       0x17c6     0x2  rtx_evr.o [2]
  .text                 ro code       0x17c8     0x2  rtx_evr.o [2]
  .text                 ro code       0x17ca     0x2  rtx_evr.o [2]
  .text                 ro code       0x17cc     0x6  ABImemclr.o [5]
  .text                 ro code       0x17d2     0x2  rtx_evr.o [2]
  .text                 ro code       0x17d4     0x2  rtx_evr.o [2]
  .text                 ro code       0x17d6     0x2  rtx_evr.o [2]
  .text                 ro code       0x17d8     0x2  rtx_evr.o [2]
  .text                 ro code       0x17da     0x2  rtx_evr.o [2]
  .text                 ro code       0x17dc     0x2  rtx_evr.o [2]
  .text                 ro code       0x17de     0x2  rtx_evr.o [2]
  .text                 ro code       0x17e0   0x174  rtx_system.o [2]
  .text                 ro code       0x1954     0x2  rtx_evr.o [2]
  .text                 ro code       0x1956     0x2  rtx_evr.o [2]
  .text                 ro code       0x1958    0x5e  ABImemset.o [5]
  .text                 ro code       0x19b8     0xc  os_systick.o [2]
  .text                 ro code       0x19c4   0x2c8  rtx_kernel.o [2]
  .text                 ro code       0x1c8c     0x2  rtx_evr.o [2]
  .text                 ro code       0x1c8e    0x44  rtx_memory.o [2]
  .text                 ro code       0x1cd2     0x2  rtx_evr.o [2]
  .text                 ro code       0x1cd4     0x2  rtx_evr.o [2]
  .text                 ro code       0x1cd8    0x40  os_systick.o [2]
  .text                 ro code       0x1d18     0x6  os_systick.o [2]
  .text                 ro code       0x1d20    0x2c  os_systick.o [2]
  .text                 ro code       0x1d4c     0x2  rtx_evr.o [2]
  .text                 ro code       0x1d4e     0x2  rtx_lib.o [1]
  .text                 ro code       0x1d50     0x2  rtx_evr.o [2]
  .text                 ro code       0x1d52     0x2  rtx_evr.o [2]
  .text                 ro code       0x1d54     0x2  rtx_evr.o [2]
  .text                 ro code       0x1d56     0x2  rtx_evr.o [2]
  .text                 ro code       0x1d58   0x2a4  prodcons.o [1]
  .text                 ro code       0x1ffc   0x25a  gpio.o [4]
  .text                 ro code       0x2258   0x14c  driverleds.o [1]
  .text                 ro code       0x23a4    0x7c  rtx_delay.o [2]
  .text                 ro code       0x2420    0x2c  system_TM4C1294_TW.o [1]
  .text                 ro code       0x244c   0x128  rtx_semaphore.o [2]
  .text                 ro code       0x2574    0xcc  driverbuttons.o [1]
  .text                 ro code       0x2640   0x108  interrupt.o [4]
  .text                 ro code       0x2748   0x2a0  sysctl.o [4]
  .text                 ro code       0x29e8     0x2  rtx_evr.o [2]
  .text                 ro code       0x29ea     0x2  rtx_evr.o [2]
  .text                 ro code       0x29ec     0x2  rtx_evr.o [2]
  .text                 ro code       0x29ee     0x2  rtx_evr.o [2]
  .text                 ro code       0x29f0     0x2  rtx_evr.o [2]
  .text                 ro code       0x29f2     0x2  rtx_evr.o [2]
  .text                 ro code       0x29f4     0x2  rtx_evr.o [2]
  .rodata               const         0x29f8   0x1b0  sysctl.o [4]
  .rodata               const         0x2ba8   0x198  gpio.o [4]
  .text                 ro code       0x2d40    0xc4  irq_cm4f.o [2]
  .text                 ro code       0x2e04    0x90  rtx_timer.o [2]
  .rodata               const         0x2e94    0x6c  sysctl.o [4]
  .rodata               const         0x2f00    0x68  rtx_lib.o [1]
  .text                 ro code       0x2f68    0x44  rtx_timer.o [2]
  .text                 ro code       0x2fac     0x2  rtx_evr.o [2]
  .text                 ro code       0x2fae    0x38  zero_init3.o [5]
  .rodata               const         0x2fe8    0x30  sysctl.o [4]
  .text                 ro code       0x3018    0x28  data_init.o [5]
  .rodata               const         0x3040    0x24  rtx_lib.o [1]
  .rodata               const         0x3064    0x24  rtx_lib.o [1]
  .iar.init_table       const         0x3088    0x20  - Linker created -
  .text                 ro code       0x30a8    0x1e  cmain.o [5]
  .text                 ro code       0x30c6     0x4  low_level_init.o [3]
  .text                 ro code       0x30ca     0x4  exit.o [3]
  .text                 ro code       0x30d0     0xa  cexit.o [5]
  .text                 ro code       0x30dc    0x14  exit.o [6]
  .text                 ro code       0x30f0    0x1c  cstartup_M.o [5]
  .text                 ro code       0x310c    0x14  startup_TM4C1294.o [1]
  .rodata               const         0x3120    0x18  rtx_lib.o [1]
  .rodata               const         0x3138     0xc  prodcons.o [1]
  .rodata               const         0x3144     0x4  rtx_lib.o [1]
  .rodata               const         0x3148     0x0  zero_init3.o [5]
  .rodata               const         0x3148     0x0  packbits_init_single.o [5]
  Initializer bytes     const         0x3148     0xd  <for P2-1>
                                    - 0x3155  0x2d95

"P2", part 1 of 3:                              0xa4
  P2-1                           0x2000'0000    0xa4  <Init block>
    .data.os            inited   0x2000'0000    0xa4  rtx_kernel.o [2]
                               - 0x2000'00a4    0xa4

"P2", part 2 of 3:                            0x13bc
  .bss.os               zero     0x2000'00a8  0x1000  rtx_lib.o [1]
  .bss.os.thread.stack  zero     0x2000'10a8   0x100  rtx_lib.o [1]
  .bss.os.thread.stack  zero     0x2000'11a8   0x100  rtx_lib.o [1]
  .bss                  zero     0x2000'12a8    0x68  prodcons.o [1]
  .bss.os.msgqueue.mem  zero     0x2000'1310    0x50  rtx_lib.o [1]
  .bss.os.thread.cb     zero     0x2000'1360    0x44  rtx_lib.o [1]
  .bss.os.thread.cb     zero     0x2000'13a4    0x44  rtx_lib.o [1]
  .bss.os               zero     0x2000'13e8    0x40  rtx_lib.o [1]
  .bss.os.msgqueue.cb   zero     0x2000'1428    0x34  rtx_lib.o [1]
  .bss                  zero     0x2000'145c     0x1  os_systick.o [2]
                               - 0x2000'145d  0x13b9

"P2", part 3 of 3:                            0x8270
  VTABLE                uninit   0x2000'1800   0x26c  interrupt.o [4]
  .noinit               uninit   0x2000'1a6c     0x4  system_TM4C1294_TW.o [1]
  CSTACK                         0x2000'1a70  0x8000  <Block>
    CSTACK              uninit   0x2000'1a70  0x8000  <Block tail>
                               - 0x2000'9a70  0x8270

Unused ranges:

         From           To      Size
         ----           --      ----
       0x3155     0xf'ffff  0xf'ceab
  0x2000'1460  0x2000'17ff     0x3a0
  0x2000'9a70  0x2003'ffff  0x3'6590


*******************************************************************************
*** INIT TABLE
***

          Address      Size
          -------      ----
Zero (__iar_zero_init3)
    1 destination range, total size 0x13b5:
          0x2000'00a8  0x13b5

Copy/packbits (__iar_packbits_init_single3)
    1 source range, total size 0xd (7% of destination):
               0x3148     0xd
    1 destination range, total size 0xa4:
          0x2000'0000    0xa4



*******************************************************************************
*** MODULE SUMMARY
***

    Module                  ro code  ro data  rw data
    ------                  -------  -------  -------
command line/config:
    -------------------------------------------------
    Total:

C:\sofia\8periodo\sistemasEmbarcados\workspace\TM4C1294_RTOS_IAR9-main - aula 6\Projects\prodcons\ewarm\Obj: [1]
    RTX_Config.o                  4
    driverbuttons.o             204
    driverleds.o                332
    prodcons.o                  676       12      104
    rtx_lib.o                     2      204    4'940
    startup_TM4C1294.o          982
    system_TM4C1294_TW.o         44                 4
    -------------------------------------------------
    Total:                    2'244      216    5'048

RTX_CM.a: [2]
    irq_cm4f.o                  196
    os_systick.o                126                 1
    rtx_delay.o                 124
    rtx_evr.o                   122
    rtx_kernel.o                712       13      164
    rtx_memory.o                274
    rtx_mempool.o               230
    rtx_msgqueue.o            1'564
    rtx_mutex.o                 844
    rtx_semaphore.o             296
    rtx_system.o                372
    rtx_thread.o              1'928
    rtx_timer.o                 212
    -------------------------------------------------
    Total:                    7'000       13      165

dl7M_tln.a: [3]
    exit.o                        4
    low_level_init.o              4
    -------------------------------------------------
    Total:                        8

driverlib.a: [4]
    gpio.o                      602      408
    interrupt.o                 264               620
    sysctl.o                    672      588
    -------------------------------------------------
    Total:                    1'538      996      620

rt7M_tl.a: [5]
    ABImemclr.o                   6
    ABImemclr4.o                  6
    ABImemcpy.o                 166
    ABImemset.o                  94
    ABImemset48.o                50
    cexit.o                      10
    cmain.o                      30
    cstartup_M.o                 28
    data_init.o                  40
    packbits_init_single.o       58
    zero_init3.o                 56
    -------------------------------------------------
    Total:                      544

shb_l.a: [6]
    exit.o                       20
    -------------------------------------------------
    Total:                       20

    Gaps                         14        4        4
    Linker created                        32   32'768
-----------------------------------------------------
    Grand Total:             11'368    1'261   38'605


*******************************************************************************
*** ENTRY LIST
***

Entry                       Address    Size  Type      Object
-----                       -------    ----  ----      ------
.iar.init_table$$Base        0x3088           --   Gb  - Linker created -
.iar.init_table$$Limit       0x30a8           --   Gb  - Linker created -
?main                        0x30a9          Code  Gb  cmain.o [5]
ButtonInit                   0x2575    0x50  Code  Gb  driverbuttons.o [1]
ButtonIntDisable             0x2609    0x30  Code  Gb  driverbuttons.o [1]
ButtonIntEnable              0x25c5    0x44  Code  Gb  driverbuttons.o [1]
CSTACK$$Base            0x2000'1a70           --   Gb  - Linker created -
CSTACK$$Limit           0x2000'9a70           --   Gb  - Linker created -
EvrRtxDelayCompleted          0xb21     0x2  Code  Gb  rtx_evr.o [2]
EvrRtxDelayError             0x29e9     0x2  Code  Gb  rtx_evr.o [2]
EvrRtxDelayUntil             0x29ed     0x2  Code  Gb  rtx_evr.o [2]
EvrRtxDelayUntilStarted
                             0x29eb     0x2  Code  Gb  rtx_evr.o [2]
EvrRtxEventFlagsWaitTimeout
                              0xb25     0x2  Code  Gb  rtx_evr.o [2]
EvrRtxKernelError            0x1c8d     0x2  Code  Gb  rtx_evr.o [2]
EvrRtxKernelGetState         0x1cd5     0x2  Code  Gb  rtx_evr.o [2]
EvrRtxKernelGetTickCount
                             0x1d55     0x2  Code  Gb  rtx_evr.o [2]
EvrRtxKernelInitialize       0x1d51     0x2  Code  Gb  rtx_evr.o [2]
EvrRtxKernelInitialized
                             0x1cd3     0x2  Code  Gb  rtx_evr.o [2]
EvrRtxKernelStart            0x1d53     0x2  Code  Gb  rtx_evr.o [2]
EvrRtxKernelStarted          0x1d4d     0x2  Code  Gb  rtx_evr.o [2]
EvrRtxMemoryAlloc            0x10b9     0x2  Code  Gb  rtx_evr.o [2]
EvrRtxMemoryBlockAlloc       0x10b5     0x2  Code  Gb  rtx_evr.o [2]
EvrRtxMemoryBlockFree        0x10b7     0x2  Code  Gb  rtx_evr.o [2]
EvrRtxMemoryBlockInit        0x10b3     0x2  Code  Gb  rtx_evr.o [2]
EvrRtxMemoryFree             0x10ef     0x2  Code  Gb  rtx_evr.o [2]
EvrRtxMemoryInit             0x1d57     0x2  Code  Gb  rtx_evr.o [2]
EvrRtxMemoryPoolAllocTimeout
                              0xb2b     0x2  Code  Gb  rtx_evr.o [2]
EvrRtxMessageQueueCreated
                             0x17d3     0x2  Code  Gb  rtx_evr.o [2]
EvrRtxMessageQueueError
                             0x17cb     0x2  Code  Gb  rtx_evr.o [2]
EvrRtxMessageQueueGet        0x1957     0x2  Code  Gb  rtx_evr.o [2]
EvrRtxMessageQueueGetPending
                             0x17d9     0x2  Code  Gb  rtx_evr.o [2]
EvrRtxMessageQueueGetTimeout
                              0xb2d     0x2  Code  Gb  rtx_evr.o [2]
EvrRtxMessageQueueInsertPending
                             0x1955     0x2  Code  Gb  rtx_evr.o [2]
EvrRtxMessageQueueInserted
                             0x17c7     0x2  Code  Gb  rtx_evr.o [2]
EvrRtxMessageQueueNew        0x17dd     0x2  Code  Gb  rtx_evr.o [2]
EvrRtxMessageQueueNotInserted
                             0x17d7     0x2  Code  Gb  rtx_evr.o [2]
EvrRtxMessageQueueNotRetrieved
                             0x17db     0x2  Code  Gb  rtx_evr.o [2]
EvrRtxMessageQueuePut        0x17df     0x2  Code  Gb  rtx_evr.o [2]
EvrRtxMessageQueuePutPending
                             0x17d5     0x2  Code  Gb  rtx_evr.o [2]
EvrRtxMessageQueuePutTimeout
                              0xb2f     0x2  Code  Gb  rtx_evr.o [2]
EvrRtxMessageQueueRetrieved
                             0x17c9     0x2  Code  Gb  rtx_evr.o [2]
EvrRtxMutexAcquire           0x10ff     0x2  Code  Gb  rtx_evr.o [2]
EvrRtxMutexAcquirePending
                             0x10f9     0x2  Code  Gb  rtx_evr.o [2]
EvrRtxMutexAcquireTimeout
                              0xb27     0x2  Code  Gb  rtx_evr.o [2]
EvrRtxMutexAcquired          0x10f3     0x2  Code  Gb  rtx_evr.o [2]
EvrRtxMutexCreated           0x10f7     0x2  Code  Gb  rtx_evr.o [2]
EvrRtxMutexError             0x10f5     0x2  Code  Gb  rtx_evr.o [2]
EvrRtxMutexNew               0x10fd     0x2  Code  Gb  rtx_evr.o [2]
EvrRtxMutexNotAcquired       0x10fb     0x2  Code  Gb  rtx_evr.o [2]
EvrRtxMutexRelease           0x1101     0x2  Code  Gb  rtx_evr.o [2]
EvrRtxMutexReleased          0x10f1     0x2  Code  Gb  rtx_evr.o [2]
EvrRtxSemaphoreAcquireTimeout
                              0xb29     0x2  Code  Gb  rtx_evr.o [2]
EvrRtxSemaphoreAcquired
                             0x29ef     0x2  Code  Gb  rtx_evr.o [2]
EvrRtxSemaphoreCreated       0x29f1     0x2  Code  Gb  rtx_evr.o [2]
EvrRtxSemaphoreError         0x29f3     0x2  Code  Gb  rtx_evr.o [2]
EvrRtxSemaphoreNew           0x29f5     0x2  Code  Gb  rtx_evr.o [2]
EvrRtxThreadBlocked           0xb5f     0x2  Code  Gb  rtx_evr.o [2]
EvrRtxThreadCreated           0xd0f     0x2  Code  Gb  rtx_evr.o [2]
EvrRtxThreadDestroyed        0x10ab     0x2  Code  Gb  rtx_evr.o [2]
EvrRtxThreadError             0xc83     0x2  Code  Gb  rtx_evr.o [2]
EvrRtxThreadExit             0x10af     0x2  Code  Gb  rtx_evr.o [2]
EvrRtxThreadFlagsWaitCompleted
                              0xb61     0x2  Code  Gb  rtx_evr.o [2]
EvrRtxThreadFlagsWaitTimeout
                              0xb23     0x2  Code  Gb  rtx_evr.o [2]
EvrRtxThreadJoined           0x10a9     0x2  Code  Gb  rtx_evr.o [2]
EvrRtxThreadNew              0x10ad     0x2  Code  Gb  rtx_evr.o [2]
EvrRtxThreadPreempted         0xb33     0x2  Code  Gb  rtx_evr.o [2]
EvrRtxThreadSwitched          0xb5d     0x2  Code  Gb  rtx_evr.o [2]
EvrRtxThreadUnblocked         0xb31     0x2  Code  Gb  rtx_evr.o [2]
EvrRtxTimerCallback          0x2fad     0x2  Code  Gb  rtx_evr.o [2]
GPIODirModeSet               0x203b    0x28  Code  Gb  gpio.o [4]
GPIOIntClear                 0x21cd     0x8  Code  Gb  gpio.o [4]
GPIOIntDisable               0x21b7     0x6  Code  Gb  gpio.o [4]
GPIOIntEnable                0x21b1     0x6  Code  Gb  gpio.o [4]
GPIOIntRegister              0x21d5    0x14  Code  Gb  gpio.o [4]
GPIOIntStatus                0x21bd    0x10  Code  Gb  gpio.o [4]
GPIOIntTypeSet               0x2063    0x4c  Code  Gb  gpio.o [4]
GPIOJ_Handler                0x1d59    0x3e  Code  Gb  prodcons.o [1]
GPIOPadConfigSet             0x20af   0x102  Code  Gb  gpio.o [4]
GPIOPinTypeGPIOInput         0x21fd    0x14  Code  Gb  gpio.o [4]
GPIOPinTypeGPIOOutput        0x2211     0xa  Code  Gb  gpio.o [4]
GPIOPinWrite                 0x21f1     0x8  Code  Gb  gpio.o [4]
IntDisable                   0x26bd    0x52  Code  Gb  interrupt.o [4]
IntEnable                    0x2669    0x52  Code  Gb  interrupt.o [4]
IntRegister                  0x2641    0x28  Code  Gb  interrupt.o [4]
LEDInit                      0x2259    0xac  Code  Gb  driverleds.o [1]
LEDOff                       0x2347    0x38  Code  Gb  driverleds.o [1]
LEDOn                        0x230d    0x3a  Code  Gb  driverleds.o [1]
MessageQueueGet              0x1151    0x40  Code  Lc  rtx_msgqueue.o [2]
MessageQueuePut              0x1105    0x4a  Code  Lc  rtx_msgqueue.o [2]
MessageQueueRemove           0x1191    0x1a  Code  Lc  rtx_msgqueue.o [2]
OS_Tick_AcknowledgeIRQ       0x19b9     0xc  Code  Gb  os_systick.o [2]
OS_Tick_Enable               0x1d21    0x2c  Code  Gb  os_systick.o [2]
OS_Tick_GetIRQn              0x1d19     0x6  Code  Gb  os_systick.o [2]
OS_Tick_Setup                0x1cd9    0x40  Code  Gb  os_systick.o [2]
PendST                  0x2000'145c     0x1  Data  Lc  os_systick.o [2]
PendSV_Handler               0x2dd9          Code  Gb  irq_cm4f.o [2]
Region$$Table$$Base          0x3088           --   Gb  - Linker created -
Region$$Table$$Limit         0x30a8           --   Gb  - Linker created -
SVC_Handler                  0x2d41          Code  Gb  irq_cm4f.o [2]
SysCtlClockFreqSet           0x27ab   0x1fc  Code  Gb  sysctl.o [4]
SysCtlPeripheralEnable       0x278d     0x8  Code  Gb  sysctl.o [4]
SysCtlPeripheralReady        0x276b     0x8  Code  Gb  sysctl.o [4]
SysTick_Handler              0x2de9          Code  Gb  irq_cm4f.o [2]
SystemCoreClock         0x2000'1a6c     0x4  Data  Gb  system_TM4C1294_TW.o [1]
SystemInit                   0x2421    0x1a  Code  Gb  system_TM4C1294_TW.o [1]
ThreadFlagsCheck              0x3c1    0x6c  Code  Lc  rtx_thread.o [2]
TimerInsert                  0x2e05    0x38  Code  Lc  rtx_timer.o [2]
_GPIOIntNumberGet            0x1ffd    0x3e  Code  Lc  gpio.o [4]
_SysCtlMemTimingGet          0x2749    0x22  Code  Lc  sysctl.o [4]
__Vectors                       0x0           --   Gb  startup_TM4C1294.o [1]
__Vectors_End                 0x3c0          Data  Gb  startup_TM4C1294.o [1]
__Vectors_Size {Abs}          0x3c0           --   Gb  startup_TM4C1294.o [1]
__aeabi_memclr               0x17cd          Code  Gb  ABImemclr.o [5]
__aeabi_memclr4               0xd09          Code  Gb  ABImemclr4.o [5]
__aeabi_memcpy               0x1721          Code  Gb  ABImemcpy.o [5]
__aeabi_memcpy4              0x1741          Code  Gb  ABImemcpy.o [5]
__aeabi_memcpy8              0x1741          Code  Gb  ABImemcpy.o [5]
__cmain                      0x30a9          Code  Gb  cmain.o [5]
__exit                       0x30dd    0x14  Code  Gb  exit.o [6]
__iar_Memset4_word           0x10bd          Code  Gb  ABImemset48.o [5]
__iar_Memset8_word           0x10bd          Code  Gb  ABImemset48.o [5]
__iar_Memset_word            0x1959          Code  Gb  ABImemset.o [5]
__iar_data_init3             0x3019    0x28  Code  Gb  data_init.o [5]
__iar_init_vfp               0x3115          Code  Wk  startup_TM4C1294.o [1]
__iar_packbits_init_single3
                              0xb63    0x3a  Code  Gb  packbits_init_single.o [5]
__iar_program_start          0x30f1          Code  Gb  cstartup_M.o [5]
__iar_zero_init3             0x2faf    0x38  Code  Gb  zero_init3.o [5]
__low_level_init             0x30c7     0x4  Code  Gb  low_level_init.o [3]
__vector_table                  0x0          Data  Gb  startup_TM4C1294.o [1]
__vector_table_0x1c            0x1c          Data  Gb  startup_TM4C1294.o [1]
_call_main                   0x30b5          Code  Gb  cmain.o [5]
_exit                        0x30d1          Code  Gb  cexit.o [5]
acionadora                   0x1e7b    0x52  Code  Gb  prodcons.o [1]
acionadora_id           0x2000'12a8    0x10  Data  Gb  prodcons.o [1]
cheio_id                0x2000'1300     0x4  Data  Gb  prodcons.o [1]
controladora                 0x1da7    0xd4  Code  Gb  prodcons.o [1]
controladora_id         0x2000'12f8     0x4  Data  Gb  prodcons.o [1]
exit                         0x30cb     0x4  Code  Gb  exit.o [3]
filaAcionadora_id       0x2000'12b8    0x10  Data  Gb  prodcons.o [1]
filaControladora_id     0x2000'12fc     0x4  Data  Gb  prodcons.o [1]
g_pfnRAMVectors         0x2000'1800   0x26c  Data  Lc  interrupt.o [4]
g_pppui32XTALtoVCO           0x29f8   0x1b0  Data  Lc  sysctl.o [4]
g_ppui32GPIOIntMapBlizzard
                             0x2ba8    0xc0  Data  Lc  gpio.o [4]
g_ppui32GPIOIntMapSnowflake
                             0x2c68    0xd8  Data  Lc  gpio.o [4]
g_pui32Dii16Regs             0x2734    0x14  Data  Lc  interrupt.o [4]
g_pui32EnRegs                0x2720    0x14  Data  Lc  interrupt.o [4]
g_pui32VCOFrequencies        0x29e0     0x8  Data  Lc  sysctl.o [4]
g_pui32Xtals                 0x2e94    0x6c  Data  Lc  sysctl.o [4]
g_sXTALtoMEMTIM              0x2fe8    0x30  Data  Lc  sysctl.o [4]
initLed                      0x1fb3    0x26  Code  Gb  prodcons.o [1]
led1                    0x2000'12c8     0xc  Data  Gb  prodcons.o [1]
led2                    0x2000'12d4     0xc  Data  Gb  prodcons.o [1]
led3                    0x2000'12e0     0xc  Data  Gb  prodcons.o [1]
led4                    0x2000'12ec     0xc  Data  Gb  prodcons.o [1]
main                         0x1ed9    0xca  Code  Gb  prodcons.o [1]
main::Mutex_attr             0x1fec    0x10  Data  Lc  prodcons.o [1]
mutexLed                0x2000'130c     0x4  Data  Gb  prodcons.o [1]
osDelayUntil                 0x23e1    0x38  Code  Gb  rtx_delay.o [2]
osKernelGetState             0x1bc1    0x40  Code  Gb  rtx_kernel.o [2]
osKernelGetTickCount         0x1c35    0x20  Code  Gb  rtx_kernel.o [2]
osKernelInitialize           0x1b89    0x38  Code  Gb  rtx_kernel.o [2]
osKernelStart                0x1c01    0x34  Code  Gb  rtx_kernel.o [2]
osMessageQueueGet            0x167d    0x90  Code  Gb  rtx_msgqueue.o [2]
osMessageQueueNew            0x15a5    0x3e  Code  Gb  rtx_msgqueue.o [2]
osMessageQueuePut            0x15e5    0x98  Code  Gb  rtx_msgqueue.o [2]
osMutexAcquire               0x1019    0x3e  Code  Gb  rtx_mutex.o [2]
osMutexNew                    0xfe1    0x36  Code  Gb  rtx_mutex.o [2]
osMutexRelease               0x1059    0x3a  Code  Gb  rtx_mutex.o [2]
osRtxConfig                  0x2f00    0x68  Data  Gb  rtx_lib.o [1]
osRtxErrorNotify             0x10b1     0x2  Code  Gb  RTX_Config.o [1]
osRtxIdleThread               0xd5b     0x2  Code  Gb  RTX_Config.o [1]
osRtxInfo               0x2000'0000    0xa4  Data  Gb  rtx_kernel.o [2]
osRtxKernelPreInit           0x1d4f     0x2  Code  Gb  rtx_lib.o [1]
osRtxMemoryAlloc              0xc85    0x84  Code  Gb  rtx_memory.o [2]
osRtxMemoryFree               0xd11    0x4a  Code  Gb  rtx_memory.o [2]
osRtxMemoryInit              0x1c8f    0x44  Code  Gb  rtx_memory.o [2]
osRtxMemoryPoolAlloc          0xbe9    0x44  Code  Gb  rtx_mempool.o [2]
osRtxMemoryPoolFree           0xc2d    0x56  Code  Gb  rtx_mempool.o [2]
osRtxMemoryPoolInit           0xb9d    0x4a  Code  Gb  rtx_mempool.o [2]
osRtxMessageQueuePostProcess
                             0x11ab    0xe6  Code  Lc  rtx_msgqueue.o [2]
osRtxMutexOwnerRelease        0xd5d    0x52  Code  Gb  rtx_mutex.o [2]
osRtxPendSV_Handler          0x1851    0x8a  Code  Gb  rtx_system.o [2]
osRtxPostProcess             0x18dd    0x6e  Code  Gb  rtx_system.o [2]
osRtxSemaphorePostProcess
                             0x244d    0x42  Code  Lc  rtx_semaphore.o [2]
osRtxThreadBlock              0x64b    0x34  Code  Lc  rtx_thread.o [2]
osRtxThreadDelayInsert        0x4a3    0x62  Code  Lc  rtx_thread.o [2]
osRtxThreadDelayRemove        0x505    0x44  Code  Lc  rtx_thread.o [2]
osRtxThreadDelayTick          0x549    0xee  Code  Gb  rtx_thread.o [2]
osRtxThreadDispatch           0x69b    0x54  Code  Gb  rtx_thread.o [2]
osRtxThreadFree               0x989    0x56  Code  Lc  rtx_thread.o [2]
osRtxThreadListGet            0x44f    0x14  Code  Gb  rtx_thread.o [2]
osRtxThreadListPut            0x42d    0x22  Code  Gb  rtx_thread.o [2]
osRtxThreadListRemove         0x485    0x16  Code  Gb  rtx_thread.o [2]
osRtxThreadListSort           0x463    0x22  Code  Gb  rtx_thread.o [2]
osRtxThreadPostProcess        0x763    0x54  Code  Lc  rtx_thread.o [2]
osRtxThreadReadyPut           0x49b     0x8  Code  Gb  rtx_thread.o [2]
osRtxThreadRegPtr             0x637    0x14  Code  Gb  rtx_thread.o [2]
osRtxThreadStackCheck         0xb35    0x28  Code  Gb  rtx_thread.o [2]
osRtxThreadStartup            0xa71    0x30  Code  Gb  rtx_thread.o [2]
osRtxThreadSwitch             0x67f    0x1c  Code  Gb  rtx_thread.o [2]
osRtxThreadWaitEnter          0x729    0x3a  Code  Gb  rtx_thread.o [2]
osRtxThreadWaitExit           0x6f5    0x2e  Code  Gb  rtx_thread.o [2]
osRtxTick_Handler            0x17e1    0x6e  Code  Gb  rtx_system.o [2]
osRtxTimerThread             0x2f69    0x44  Code  Gb  rtx_timer.o [2]
osRtxTimerTick               0x2e3d    0x54  Code  Lc  rtx_timer.o [2]
osRtxUserSVC                 0x3144     0x4  Data  Gb  rtx_lib.o [1]
osSemaphoreNew               0x2529    0x3e  Code  Gb  rtx_semaphore.o [2]
osThreadExit                  0xaed    0x16  Code  Gb  rtx_thread.o [2]
osThreadNew                   0xaa5    0x40  Code  Gb  rtx_thread.o [2]
os_idle_thread_attr          0x3040    0x24  Data  Lc  rtx_lib.o [1]
os_idle_thread_cb       0x2000'1360    0x44  Data  Lc  rtx_lib.o [1]
os_idle_thread_stack    0x2000'10a8   0x100  Data  Lc  rtx_lib.o [1]
os_isr_queue            0x2000'13e8    0x40  Data  Lc  rtx_lib.o [1]
os_mem                  0x2000'00a8  0x1000  Data  Lc  rtx_lib.o [1]
os_timer_mq_attr             0x3120    0x18  Data  Lc  rtx_lib.o [1]
os_timer_mq_cb          0x2000'1428    0x34  Data  Lc  rtx_lib.o [1]
os_timer_mq_data        0x2000'1310    0x50  Data  Lc  rtx_lib.o [1]
os_timer_thread_attr         0x3064    0x24  Data  Lc  rtx_lib.o [1]
os_timer_thread_cb      0x2000'13a4    0x44  Data  Lc  rtx_lib.o [1]
os_timer_thread_stack   0x2000'11a8   0x100  Data  Lc  rtx_lib.o [1]
svcRtxDelayUntil             0x23a5    0x3c  Code  Lc  rtx_delay.o [2]
svcRtxKernelGetState         0x1adb    0x12  Code  Lc  rtx_kernel.o [2]
svcRtxKernelGetTickCount
                             0x1b83     0x4  Code  Lc  rtx_kernel.o [2]
svcRtxKernelInitialize       0x19c5   0x116  Code  Lc  rtx_kernel.o [2]
svcRtxKernelStart            0x1aed    0x96  Code  Lc  rtx_kernel.o [2]
svcRtxMessageQueueGet        0x1495    0xe8  Code  Lc  rtx_msgqueue.o [2]
svcRtxMessageQueueNew        0x1291   0x130  Code  Lc  rtx_msgqueue.o [2]
svcRtxMessageQueuePut        0x13c1    0xd4  Code  Lc  rtx_msgqueue.o [2]
svcRtxMutexAcquire            0xe2d    0xd2  Code  Lc  rtx_mutex.o [2]
svcRtxMutexNew                0xdaf    0x7e  Code  Lc  rtx_mutex.o [2]
svcRtxMutexRelease            0xeff    0xd6  Code  Lc  rtx_mutex.o [2]
svcRtxSemaphoreNew           0x248f    0x98  Code  Lc  rtx_semaphore.o [2]
svcRtxThreadExit              0x9df    0x8e  Code  Lc  rtx_thread.o [2]
svcRtxThreadNew               0x7b7   0x1cc  Code  Lc  rtx_thread.o [2]
tickAnterior            0x2000'1308     0x4  Data  Gb  prodcons.o [1]
vazio_id                0x2000'1304     0x4  Data  Gb  prodcons.o [1]


[1] = C:\sofia\8periodo\sistemasEmbarcados\workspace\TM4C1294_RTOS_IAR9-main - aula 6\Projects\prodcons\ewarm\Obj
[2] = RTX_CM.a
[3] = dl7M_tln.a
[4] = driverlib.a
[5] = rt7M_tl.a
[6] = shb_l.a

  11'368 bytes of readonly  code memory
   1'261 bytes of readonly  data memory
  38'605 bytes of readwrite data memory

Errors: none
Warnings: none
